--- Startup times for process: Primary (or UI client) ---

times in msec
 clock   self+sourced   self:  sourced script
 clock   elapsed:              other lines

000.009  000.009: --- NVIM STARTING ---
000.082  000.074: event init
000.336  000.253: early init
028.229  027.894: locale set
028.297  000.068: init first window
029.518  001.221: inits 1
029.542  000.024: window checked
029.554  000.012: parsing arguments
030.936  000.703  000.703: require('vim._core.shared')
032.000  000.007  000.007: require('string.buffer')
032.060  000.357  000.349: require('vim.inspect')
032.434  000.353  000.353: require('vim._core.options')
032.446  001.495  000.785: require('vim._core.editor')
032.672  000.219  000.219: require('vim._core.system')
032.682  002.595  000.178: require('vim._init_packages')
032.696  000.548: init lua interpreter
032.828  000.132: expanding arguments
032.856  000.028: inits 2
033.319  000.463: init highlight
033.339  000.020: clear screen
034.261  000.060  000.060: require('vim.keymap')
035.230  000.237  000.237: sourcing nvim_exec2()
035.299  000.034  000.034: require('vim._core.log')
057.170  023.826  023.494: require('vim._core.defaults')
057.185  000.020: init default mappings & autocommands
060.229  000.188  000.188: sourcing C:\Users\Kristan\scoop\apps\neovim\current\share\nvim\runtime\ftplugin.vim
061.257  000.156  000.156: sourcing C:\Users\Kristan\scoop\apps\neovim\current\share\nvim\runtime\indent.vim
063.316  000.619  000.619: require('vim.fs')
064.073  000.742  000.742: require('vim.uri')
064.129  001.910  000.549: require('vim.loader')
065.839  000.558  000.558: require('config.font')
066.851  002.604  002.047: require('config.options')
069.134  000.080  000.080: require('vim.F')
069.270  001.677  001.597: require('vim.diagnostic')
070.083  000.047  000.047: sourcing nvim_exec2() called at C:\Users\Kristan\AppData\Local\nvim\init.lua:0
070.653  003.787  002.063: require('config.keybinds')
074.282  003.025  003.025: require('lazy')
074.354  000.040  000.040: require('ffi')
074.753  000.388  000.388: require('lazy.stats')
075.557  000.544  000.544: require('lazy.core.util')
076.184  000.617  000.617: require('lazy.core.config')
077.028  000.390  000.390: require('lazy.core.handler')
078.062  000.362  000.362: require('lazy.pkg')
078.075  000.700  000.338: require('lazy.core.meta')
078.084  001.046  000.346: require('lazy.core.plugin')
078.094  001.900  000.464: require('lazy.core.loader')
080.836  000.660  000.660: require('lazy.async')
081.938  000.462  000.462: require('lazy.manage.process')
082.375  000.420  000.420: require('lazy.terminal')
082.393  001.514  000.632: require('lazy.manage.task')
082.401  002.800  000.626: require('lazy.manage.runner')
082.409  003.379  000.580: require('lazy.manage')
082.416  003.778  000.399: require('lazy.view.commands')
082.854  000.383  000.383: require('lazy.core.fragments')
097.229  000.494  000.494: require('lazy.core.handler.event')
097.253  000.984  000.490: require('lazy.core.handler.ft')
097.762  000.478  000.478: require('lazy.core.handler.cmd')
098.158  000.359  000.359: require('lazy.core.handler.keys')
099.255  000.012  000.012: sourcing nvim_exec2() called at C:\Users\Kristan\AppData\Local\nvim\init.lua:0
099.338  000.006  000.006: sourcing nvim_exec2() called at C:\Users\Kristan\AppData\Local\nvim\init.lua:0
102.959  002.116  002.116: sourcing nvim_exec2() called at C:\Users\Kristan\scoop\apps\neovim\current\share/nvim/runtime/filetype.lua:0
102.975  002.489  000.373: sourcing C:\Users\Kristan\scoop\apps\neovim\current\share/nvim/runtime/filetype.lua
103.010  003.062  000.573: sourcing nvim_exec2() called at C:\Users\Kristan\AppData\Local\nvim\init.lua:0
103.303  000.006  000.006: sourcing nvim_exec2() called at C:\Users\Kristan\AppData\Local\nvim\init.lua:0
103.359  000.004  000.004: sourcing nvim_exec2() called at C:\Users\Kristan\AppData\Local\nvim\init.lua:0
142.315  000.470  000.470: sourcing C:\Users\Kristan\AppData\Local\nvim-data\lazy\doki-theme-vim\autoload\rei.vim
160.571  020.277  019.807: sourcing C:\Users\Kristan\AppData\Local\nvim-data\lazy\doki-theme-vim\colors\rei.vim
164.284  000.148  000.148: sourcing C:/Users/Kristan/AppData/Local/nvim-data/lazy/nvim-web-devicons/plugin/nvim-web-devicons.vim
164.327  000.663  000.516: sourcing nvim_exec2() called at C:\Users\Kristan\AppData\Local\nvim\init.lua:0
164.357  000.006  000.006: sourcing nvim_exec2() called at C:\Users\Kristan\AppData\Local\nvim\init.lua:0
164.457  000.006  000.006: sourcing nvim_exec2() called at C:\Users\Kristan\AppData\Local\nvim\init.lua:0
168.566  000.579  000.579: require('nvim-web-devicons.filetypes')
169.848  000.780  000.780: require('nvim-web-devicons.default.icons_by_filename')
171.063  001.198  001.198: require('nvim-web-devicons.default.icons_by_file_extension')
171.632  000.554  000.554: require('nvim-web-devicons.default.icons_by_operating_system')
172.108  000.462  000.462: require('nvim-web-devicons.default.icons_by_desktop_environment')
172.599  000.477  000.477: require('nvim-web-devicons.default.icons_by_window_manager')
172.613  004.010  000.538: require('nvim-web-devicons.icons-default')
173.164  008.582  003.993: require('nvim-web-devicons')
178.598  000.015  000.015: sourcing nvim_exec2() called at C:\Users\Kristan\AppData\Local\nvim\init.lua:0
178.697  000.007  000.007: sourcing nvim_exec2() called at C:\Users\Kristan\AppData\Local\nvim\init.lua:0
180.381  000.648  000.648: require('bufferline.lazy')
181.400  000.975  000.975: require('bufferline.commands')
183.300  001.870  001.870: require('bufferline.config')
183.435  004.719  001.226: require('bufferline')
184.768  000.452  000.452: require('bufferline.utils')
184.781  001.166  000.714: require('bufferline.groups')
185.155  000.339  000.339: require('bufferline.constants')
185.614  000.442  000.442: require('bufferline.colors')
186.409  000.490  000.490: require('bufferline.highlights')
188.064  000.498  000.498: require('vim.version')
190.660  003.492  002.994: require('bufferline.hover')
191.605  000.742  000.742: require('bufferline.ui')
192.966  000.015  000.015: sourcing nvim_exec2() called at C:\Users\Kristan\AppData\Local\nvim\init.lua:0
193.056  000.007  000.007: sourcing nvim_exec2() called at C:\Users\Kristan\AppData\Local\nvim\init.lua:0
198.362  000.538  000.538: require('window-picker.util')
198.387  001.100  000.562: require('window-picker.filters.default-window-filter')
198.931  000.533  000.533: require('window-picker.pickers.window-picker')
200.483  000.968  000.968: require('window-picker.hints.statusline-hint')
200.515  001.568  000.600: require('window-picker.hints.statusline-winbar-hint')
201.113  000.587  000.587: require('window-picker.configurer')
201.132  004.308  000.520: require('window-picker.builder')
201.821  000.679  000.679: require('window-picker.config')
201.839  008.749  003.762: require('window-picker')
202.750  000.015  000.015: sourcing nvim_exec2() called at C:\Users\Kristan\AppData\Local\nvim\init.lua:0
202.841  000.007  000.007: sourcing nvim_exec2() called at C:\Users\Kristan\AppData\Local\nvim\init.lua:0
207.210  004.350  004.350: require('alpha')
207.809  000.577  000.577: require('alpha.themes.dashboard')
211.314  000.011  000.011: sourcing nvim_exec2() called at C:\Users\Kristan\AppData\Local\nvim\init.lua:0
211.383  000.005  000.005: sourcing nvim_exec2() called at C:\Users\Kristan\AppData\Local\nvim\init.lua:0
216.671  000.564  000.564: sourcing C:/Users/Kristan/AppData/Local/nvim-data/lazy/conform.nvim/plugin/conform.lua
216.726  001.186  000.622: sourcing nvim_exec2() called at C:\Users\Kristan\AppData\Local\nvim\init.lua:0
216.772  000.007  000.007: sourcing nvim_exec2() called at C:\Users\Kristan\AppData\Local\nvim\init.lua:0
216.878  000.007  000.007: sourcing nvim_exec2() called at C:\Users\Kristan\AppData\Local\nvim\init.lua:0
221.645  004.419  004.419: require('conform')
221.857  000.014  000.014: sourcing nvim_exec2() called at C:\Users\Kristan\AppData\Local\nvim\init.lua:0
221.942  000.007  000.007: sourcing nvim_exec2() called at C:\Users\Kristan\AppData\Local\nvim\init.lua:0
223.004  001.042  001.042: require('mason-conform')
225.571  000.334  000.334: require('mason-core.functional.data')
226.304  000.489  000.489: require('mason-core.functional.function')
226.849  000.524  000.524: require('mason-core.functional.list')
227.354  000.478  000.478: require('mason-core.functional.relation')
227.823  000.451  000.451: require('mason-core.functional.logic')
228.331  000.490  000.490: require('mason-core.functional.number')
228.890  000.477  000.477: require('mason-core.functional.string')
229.422  000.507  000.507: require('mason-core.functional.table')
229.948  000.505  000.505: require('mason-core.functional.type')
229.967  005.148  000.893: require('mason-core.functional')
230.544  000.567  000.567: require('mason-core.path')
231.746  001.187  001.187: require('mason.settings')
231.890  007.534  000.632: require('mason-core.log')
231.971  008.046  000.512: require('mason-core.EventEmitter')
233.174  000.611  000.611: require('mason-core.platform')
233.192  001.205  000.594: require('mason-core.installer.InstallLocation')
233.699  000.500  000.500: require('mason-registry.sources')
233.986  010.532  000.781: require('mason-registry')
234.556  000.555  000.555: require('mason-conform.mapping')
234.576  011.557  000.470: require('mason-conform.auto_install')
235.365  000.774  000.774: require('mason-core.async')
236.568  000.545  000.545: require('mason-core.async.uv')
236.654  001.270  000.726: require('mason-core.fs')
239.396  000.443  000.443: require('mason-core.optional')
240.152  000.363  000.363: require('mason-core.result')
240.255  000.843  000.480: require('mason-core.purl')
240.799  000.536  000.536: require('mason-core.async.control')
240.826  002.445  000.623: require('mason-core.package.AbstractPackage')
243.203  000.659  000.659: require('mason-core.installer.compiler.expr')
243.245  001.223  000.564: require('mason-core.installer.compiler.link')
245.736  000.824  000.824: require('mason-core.process')
246.520  000.763  000.763: require('mason-core.spawn')
246.545  002.168  000.581: require('mason-core.installer.managers.powershell')
247.260  000.704  000.704: require('mason.version')
247.279  003.498  000.626: require('mason-core.fetch')
250.894  001.035  001.035: require('mason-core.installer.context.InstallContextCwd')
251.839  000.922  000.922: require('mason-core.installer.context.InstallContextFs')
252.505  000.650  000.650: require('mason-core.installer.context.InstallContextSpawn')
253.313  000.788  000.788: require('mason-core.receipt')
253.359  004.290  000.895: require('mason-core.installer.context')
253.371  005.244  000.954: require('mason-core.installer')
253.408  006.119  000.876: require('mason-core.installer.managers.std')
253.419  010.164  000.547: require('mason-core.installer.compiler.schemas')
253.929  000.501  000.501: require('mason-core.installer.compiler.util')
253.959  012.543  000.654: require('mason-core.installer.compiler')
254.543  000.573  000.573: require('mason-core.installer.linker')
254.565  013.729  000.613: require('mason-core.installer.InstallRunner')
255.050  000.476  000.476: require('mason-core.installer.UninstallRunner')
255.075  017.426  000.777: require('mason-core.package')
255.091  018.030  000.604: require('mason-registry.sources.synthesized')
265.697  000.156  000.156: sourcing C:/Users/Kristan/AppData/Local/nvim-data/lazy/plenary.nvim/plugin/plenary.vim
265.736  000.577  000.421: sourcing nvim_exec2() called at C:\Users\Kristan\AppData\Local\nvim\init.lua:0
265.789  000.006  000.006: sourcing nvim_exec2() called at C:\Users\Kristan\AppData\Local\nvim\init.lua:0
265.876  000.006  000.006: sourcing nvim_exec2() called at C:\Users\Kristan\AppData\Local\nvim\init.lua:0
269.337  000.015  000.015: sourcing nvim_exec2() called at C:\Users\Kristan\AppData\Local\nvim\init.lua:0
269.423  000.007  000.007: sourcing nvim_exec2() called at C:\Users\Kristan\AppData\Local\nvim\init.lua:0
273.532  000.013  000.013: sourcing nvim_exec2() called at C:\Users\Kristan\AppData\Local\nvim\init.lua:0
273.621  000.006  000.006: sourcing nvim_exec2() called at C:\Users\Kristan\AppData\Local\nvim\init.lua:0
284.434  005.403  005.403: require('snacks')
284.456  005.894  000.491: sourcing C:/Users/Kristan/AppData/Local/nvim-data/lazy/snacks.nvim/plugin/snacks.lua
284.505  006.417  000.523: sourcing nvim_exec2() called at C:\Users\Kristan\AppData\Local\nvim\init.lua:0
284.546  000.011  000.011: sourcing nvim_exec2() called at C:\Users\Kristan\AppData\Local\nvim\init.lua:0
284.657  000.007  000.007: sourcing nvim_exec2() called at C:\Users\Kristan\AppData\Local\nvim\init.lua:0
286.159  000.626  000.626: sourcing C:/Users/Kristan/AppData/Local/nvim-data/lazy/neo-tree.nvim/plugin/neo-tree.lua
286.216  001.223  000.597: sourcing nvim_exec2() called at C:\Users\Kristan\AppData\Local\nvim\init.lua:0
286.249  000.008  000.008: sourcing nvim_exec2() called at C:\Users\Kristan\AppData\Local\nvim\init.lua:0
286.349  000.007  000.007: sourcing nvim_exec2() called at C:\Users\Kristan\AppData\Local\nvim\init.lua:0
287.963  001.523  001.523: require('neo-tree')
288.616  000.634  000.634: require('neo-tree.log')
289.100  000.059  000.059: sourcing nvim_exec2() called at C:\Users\Kristan\AppData\Local\nvim\init.lua:0
289.539  000.008  000.008: sourcing nvim_exec2() called at C:\Users\Kristan\AppData\Local\nvim\init.lua:0
289.612  000.006  000.006: sourcing nvim_exec2() called at C:\Users\Kristan\AppData\Local\nvim\init.lua:0
303.312  000.645  000.645: require('lualine_require')
307.705  017.686  017.041: require('lualine')
308.311  000.029  000.029: sourcing nvim_exec2() called at C:\Users\Kristan\AppData\Local\nvim\init.lua:0
315.115  000.639  000.639: require('lualine.highlight')
318.281  000.095  000.095: sourcing nvim_exec2() called at C:\Users\Kristan\AppData\Local\nvim\init.lua:0
318.599  000.016  000.016: sourcing nvim_exec2() called at C:\Users\Kristan\AppData\Local\nvim\init.lua:0
318.714  000.009  000.009: sourcing nvim_exec2() called at C:\Users\Kristan\AppData\Local\nvim\init.lua:0
318.758  000.006  000.006: sourcing nvim_exec2() called at C:\Users\Kristan\AppData\Local\nvim\init.lua:0
318.799  000.007  000.007: sourcing nvim_exec2() called at C:\Users\Kristan\AppData\Local\nvim\init.lua:0
318.836  000.005  000.005: sourcing nvim_exec2() called at C:\Users\Kristan\AppData\Local\nvim\init.lua:0
318.888  000.006  000.006: sourcing nvim_exec2() called at C:\Users\Kristan\AppData\Local\nvim\init.lua:0
318.939  000.008  000.008: sourcing nvim_exec2() called at C:\Users\Kristan\AppData\Local\nvim\init.lua:0
319.001  000.007  000.007: sourcing nvim_exec2() called at C:\Users\Kristan\AppData\Local\nvim\init.lua:0
319.063  000.007  000.007: sourcing nvim_exec2() called at C:\Users\Kristan\AppData\Local\nvim\init.lua:0
319.113  000.012  000.012: sourcing nvim_exec2() called at C:\Users\Kristan\AppData\Local\nvim\init.lua:0
319.309  000.008  000.008: sourcing nvim_exec2() called at C:\Users\Kristan\AppData\Local\nvim\init.lua:0
319.349  000.005  000.005: sourcing nvim_exec2() called at C:\Users\Kristan\AppData\Local\nvim\init.lua:0
319.389  000.007  000.007: sourcing nvim_exec2() called at C:\Users\Kristan\AppData\Local\nvim\init.lua:0
319.424  000.005  000.005: sourcing nvim_exec2() called at C:\Users\Kristan\AppData\Local\nvim\init.lua:0
319.458  000.005  000.005: sourcing nvim_exec2() called at C:\Users\Kristan\AppData\Local\nvim\init.lua:0
319.495  000.006  000.006: sourcing nvim_exec2() called at C:\Users\Kristan\AppData\Local\nvim\init.lua:0
319.530  000.005  000.005: sourcing nvim_exec2() called at C:\Users\Kristan\AppData\Local\nvim\init.lua:0
319.564  000.005  000.005: sourcing nvim_exec2() called at C:\Users\Kristan\AppData\Local\nvim\init.lua:0
319.602  000.007  000.007: sourcing nvim_exec2() called at C:\Users\Kristan\AppData\Local\nvim\init.lua:0
319.642  000.009  000.009: sourcing nvim_exec2() called at C:\Users\Kristan\AppData\Local\nvim\init.lua:0
319.691  000.009  000.009: sourcing nvim_exec2() called at C:\Users\Kristan\AppData\Local\nvim\init.lua:0
319.732  000.027  000.027: sourcing nvim_exec2() called at C:\Users\Kristan\AppData\Local\nvim\init.lua:0
332.147  000.523  000.523: require('lualine.utils.mode')
340.080  000.087  000.087: sourcing nvim_exec2() called at C:\Users\Kristan\AppData\Local\nvim\init.lua:0
340.235  000.018  000.018: sourcing nvim_exec2() called at C:\Users\Kristan\AppData\Local\nvim\init.lua:0
343.081  000.018  000.018: sourcing nvim_exec2() called at C:\Users\Kristan\AppData\Local\nvim\init.lua:0
343.146  000.009  000.009: sourcing nvim_exec2() called at C:\Users\Kristan\AppData\Local\nvim\init.lua:0
343.188  000.006  000.006: sourcing nvim_exec2() called at C:\Users\Kristan\AppData\Local\nvim\init.lua:0
343.226  000.005  000.005: sourcing nvim_exec2() called at C:\Users\Kristan\AppData\Local\nvim\init.lua:0
343.295  000.006  000.006: sourcing nvim_exec2() called at C:\Users\Kristan\AppData\Local\nvim\init.lua:0
343.332  000.005  000.005: sourcing nvim_exec2() called at C:\Users\Kristan\AppData\Local\nvim\init.lua:0
343.367  000.005  000.005: sourcing nvim_exec2() called at C:\Users\Kristan\AppData\Local\nvim\init.lua:0
343.407  000.006  000.006: sourcing nvim_exec2() called at C:\Users\Kristan\AppData\Local\nvim\init.lua:0
343.441  000.005  000.005: sourcing nvim_exec2() called at C:\Users\Kristan\AppData\Local\nvim\init.lua:0
343.474  000.005  000.005: sourcing nvim_exec2() called at C:\Users\Kristan\AppData\Local\nvim\init.lua:0
343.508  000.005  000.005: sourcing nvim_exec2() called at C:\Users\Kristan\AppData\Local\nvim\init.lua:0
343.544  000.005  000.005: sourcing nvim_exec2() called at C:\Users\Kristan\AppData\Local\nvim\init.lua:0
343.577  000.005  000.005: sourcing nvim_exec2() called at C:\Users\Kristan\AppData\Local\nvim\init.lua:0
343.610  000.005  000.005: sourcing nvim_exec2() called at C:\Users\Kristan\AppData\Local\nvim\init.lua:0
343.692  000.016  000.016: sourcing nvim_exec2() called at C:\Users\Kristan\AppData\Local\nvim\init.lua:0
343.750  000.010  000.010: sourcing nvim_exec2() called at C:\Users\Kristan\AppData\Local\nvim\init.lua:0
343.800  000.009  000.009: sourcing nvim_exec2() called at C:\Users\Kristan\AppData\Local\nvim\init.lua:0
343.848  000.009  000.009: sourcing nvim_exec2() called at C:\Users\Kristan\AppData\Local\nvim\init.lua:0
343.894  000.008  000.008: sourcing nvim_exec2() called at C:\Users\Kristan\AppData\Local\nvim\init.lua:0
343.940  000.009  000.009: sourcing nvim_exec2() called at C:\Users\Kristan\AppData\Local\nvim\init.lua:0
343.986  000.008  000.008: sourcing nvim_exec2() called at C:\Users\Kristan\AppData\Local\nvim\init.lua:0
345.651  000.086  000.086: sourcing nvim_exec2() called at C:\Users\Kristan\AppData\Local\nvim\init.lua:0
345.685  000.007  000.007: sourcing nvim_exec2() called at C:\Users\Kristan\AppData\Local\nvim\init.lua:0
345.757  000.059  000.059: sourcing nvim_exec2() called at C:\Users\Kristan\AppData\Local\nvim\init.lua:0
345.788  000.015  000.015: sourcing nvim_exec2() called at C:\Users\Kristan\AppData\Local\nvim\init.lua:0
352.839  000.026  000.026: sourcing nvim_exec2() called at C:\Users\Kristan\AppData\Local\nvim\init.lua:0
352.913  000.011  000.011: sourcing nvim_exec2() called at C:\Users\Kristan\AppData\Local\nvim\init.lua:0
352.962  000.008  000.008: sourcing nvim_exec2() called at C:\Users\Kristan\AppData\Local\nvim\init.lua:0
353.002  000.006  000.006: sourcing nvim_exec2() called at C:\Users\Kristan\AppData\Local\nvim\init.lua:0
353.041  000.007  000.007: sourcing nvim_exec2() called at C:\Users\Kristan\AppData\Local\nvim\init.lua:0
353.080  000.006  000.006: sourcing nvim_exec2() called at C:\Users\Kristan\AppData\Local\nvim\init.lua:0
353.117  000.005  000.005: sourcing nvim_exec2() called at C:\Users\Kristan\AppData\Local\nvim\init.lua:0
353.259  000.007  000.007: sourcing nvim_exec2() called at C:\Users\Kristan\AppData\Local\nvim\init.lua:0
353.302  000.005  000.005: sourcing nvim_exec2() called at C:\Users\Kristan\AppData\Local\nvim\init.lua:0
353.339  000.005  000.005: sourcing nvim_exec2() called at C:\Users\Kristan\AppData\Local\nvim\init.lua:0
353.374  000.005  000.005: sourcing nvim_exec2() called at C:\Users\Kristan\AppData\Local\nvim\init.lua:0
353.414  000.009  000.009: sourcing nvim_exec2() called at C:\Users\Kristan\AppData\Local\nvim\init.lua:0
353.462  000.009  000.009: sourcing nvim_exec2() called at C:\Users\Kristan\AppData\Local\nvim\init.lua:0
353.503  000.006  000.006: sourcing nvim_exec2() called at C:\Users\Kristan\AppData\Local\nvim\init.lua:0
353.549  000.008  000.008: sourcing nvim_exec2() called at C:\Users\Kristan\AppData\Local\nvim\init.lua:0
353.592  000.006  000.006: sourcing nvim_exec2() called at C:\Users\Kristan\AppData\Local\nvim\init.lua:0
353.632  000.008  000.008: sourcing nvim_exec2() called at C:\Users\Kristan\AppData\Local\nvim\init.lua:0
353.670  000.006  000.006: sourcing nvim_exec2() called at C:\Users\Kristan\AppData\Local\nvim\init.lua:0
353.704  000.005  000.005: sourcing nvim_exec2() called at C:\Users\Kristan\AppData\Local\nvim\init.lua:0
353.737  000.005  000.005: sourcing nvim_exec2() called at C:\Users\Kristan\AppData\Local\nvim\init.lua:0
353.770  000.005  000.005: sourcing nvim_exec2() called at C:\Users\Kristan\AppData\Local\nvim\init.lua:0
353.809  000.005  000.005: sourcing nvim_exec2() called at C:\Users\Kristan\AppData\Local\nvim\init.lua:0
353.846  000.005  000.005: sourcing nvim_exec2() called at C:\Users\Kristan\AppData\Local\nvim\init.lua:0
353.879  000.005  000.005: sourcing nvim_exec2() called at C:\Users\Kristan\AppData\Local\nvim\init.lua:0
353.912  000.005  000.005: sourcing nvim_exec2() called at C:\Users\Kristan\AppData\Local\nvim\init.lua:0
353.947  000.006  000.006: sourcing nvim_exec2() called at C:\Users\Kristan\AppData\Local\nvim\init.lua:0
353.994  000.009  000.009: sourcing nvim_exec2() called at C:\Users\Kristan\AppData\Local\nvim\init.lua:0
354.071  000.009  000.009: sourcing nvim_exec2() called at C:\Users\Kristan\AppData\Local\nvim\init.lua:0
360.590  000.029  000.029: sourcing nvim_exec2() called at C:\Users\Kristan\AppData\Local\nvim\init.lua:0
360.703  000.059  000.059: sourcing nvim_exec2() called at C:\Users\Kristan\AppData\Local\nvim\init.lua:0
360.748  000.033  000.033: sourcing nvim_exec2() called at C:\Users\Kristan\AppData\Local\nvim\init.lua:0
360.768  000.008  000.008: sourcing nvim_exec2() called at C:\Users\Kristan\AppData\Local\nvim\init.lua:0
360.782  000.006  000.006: sourcing nvim_exec2() called at C:\Users\Kristan\AppData\Local\nvim\init.lua:0
361.029  000.005  000.005: sourcing nvim_exec2() called at C:\Users\Kristan\AppData\Local\nvim\init.lua:0
361.084  000.004  000.004: sourcing nvim_exec2() called at C:\Users\Kristan\AppData\Local\nvim\init.lua:0
364.740  003.643  003.643: require('nvim-file-operations')
365.087  000.334  000.334: require('nvim-file-operations.config')
366.207  000.319  000.319: sourcing C:\Users\Kristan\scoop\apps\neovim\current\share/nvim/runtime/plugin/editorconfig.lua
366.240  000.826  000.508: sourcing nvim_exec2() called at C:\Users\Kristan\AppData\Local\nvim\init.lua:0
367.067  000.327  000.327: sourcing C:\Users\Kristan\scoop\apps\neovim\current\share/nvim/runtime/plugin/man.lua
367.101  000.846  000.519: sourcing nvim_exec2() called at C:\Users\Kristan\AppData\Local\nvim\init.lua:0
367.992  000.391  000.391: sourcing C:\Users\Kristan\scoop\apps\neovim\current\share/nvim/runtime/plugin/net.lua
368.025  000.907  000.516: sourcing nvim_exec2() called at C:\Users\Kristan\AppData\Local\nvim\init.lua:0
368.929  000.406  000.406: sourcing C:\Users\Kristan\scoop\apps\neovim\current\share/nvim/runtime/plugin/osc52.lua
368.963  000.924  000.518: sourcing nvim_exec2() called at C:\Users\Kristan\AppData\Local\nvim\init.lua:0
370.265  000.820  000.820: sourcing C:\Users\Kristan\scoop\apps\neovim\current\share/nvim/runtime/plugin/rplugin.vim
370.290  001.310  000.490: sourcing nvim_exec2() called at C:\Users\Kristan\AppData\Local\nvim\init.lua:0
371.130  000.372  000.372: sourcing C:\Users\Kristan\scoop\apps\neovim\current\share/nvim/runtime/plugin/shada.lua
371.163  000.853  000.481: sourcing nvim_exec2() called at C:\Users\Kristan\AppData\Local\nvim\init.lua:0
372.121  000.456  000.456: sourcing C:\Users\Kristan\scoop\apps\neovim\current\share/nvim/runtime/plugin/spellfile.lua
372.156  000.976  000.520: sourcing nvim_exec2() called at C:\Users\Kristan\AppData\Local\nvim\init.lua:0
372.712  302.045  152.377: require('config.lazy')
372.726  310.663  000.316: sourcing C:\Users\Kristan\AppData\Local\nvim\init.lua
372.803  004.611: sourcing vimrc file(s)
374.648  000.285  000.285: sourcing C:\Users\Kristan\scoop\apps\neovim\current\share\nvim\runtime\filetype.lua
377.308  000.200  000.200: sourcing C:\Users\Kristan\scoop\apps\neovim\current\share\nvim\runtime\syntax\synload.vim
377.549  001.701  001.501: sourcing C:\Users\Kristan\scoop\apps\neovim\current\share/nvim/runtime/syntax/syntax.vim
377.602  002.813: inits 3
381.374  003.772: reading ShaDa
381.598  000.224: opening buffers
382.357  000.653  000.653: require('bufferline.state')
382.839  000.588: BufEnter autocommands
382.850  000.011: editing files in windows
382.860  000.010: --- NVIM STARTED ---

--- Startup times for process: Primary (or UI client) ---

times in msec
 clock   self+sourced   self:  sourced script
 clock   elapsed:              other lines

000.006  000.006: --- NVIM STARTING ---
000.064  000.058: event init
000.224  000.160: early init
026.681  026.457: locale set
026.731  000.051: init first window
027.884  001.152: inits 1
027.908  000.024: window checked
027.915  000.008: parsing arguments
029.195  000.663  000.663: require('vim._core.shared')
030.279  000.008  000.008: require('string.buffer')
030.335  000.345  000.338: require('vim.inspect')
030.675  000.321  000.321: require('vim._core.options')
030.682  001.476  000.809: require('vim._core.editor')
030.891  000.204  000.204: require('vim._core.system')
030.896  002.497  000.154: require('vim._init_packages')
030.907  000.495: init lua interpreter
031.036  000.130: expanding arguments
031.059  000.023: inits 2
031.482  000.422: init highlight
031.499  000.018: clear screen
032.364  000.055  000.055: require('vim.keymap')
033.438  000.231  000.231: sourcing nvim_exec2()
033.501  000.034  000.034: require('vim._core.log')
053.128  021.623  021.303: require('vim._core.defaults')
053.140  000.018: init default mappings & autocommands
055.735  000.143  000.143: sourcing C:\Users\Kristan\scoop\apps\neovim\current\share\nvim\runtime\ftplugin.vim
056.426  000.089  000.089: sourcing C:\Users\Kristan\scoop\apps\neovim\current\share\nvim\runtime\indent.vim
058.183  000.566  000.566: require('vim.fs')
058.801  000.607  000.607: require('vim.uri')
058.846  001.615  000.442: require('vim.loader')
060.089  000.377  000.377: require('config.font')
061.136  002.200  001.823: require('config.options')
063.010  000.047  000.047: require('vim.F')
063.099  001.307  001.260: require('vim.diagnostic')
063.849  000.045  000.045: sourcing nvim_exec2() called at C:\Users\Kristan\AppData\Local\nvim\init.lua:0
064.288  003.139  001.788: require('config.keybinds')
069.653  004.457  004.457: require('lazy')
069.712  000.032  000.032: require('ffi')
070.027  000.305  000.305: require('lazy.stats')
070.719  000.469  000.469: require('lazy.core.util')
071.363  000.634  000.634: require('lazy.core.config')
072.233  000.388  000.388: require('lazy.core.handler')
073.123  000.286  000.286: require('lazy.pkg')
073.137  000.579  000.293: require('lazy.core.meta')
073.147  000.900  000.321: require('lazy.core.plugin')
073.157  001.783  000.495: require('lazy.core.loader')
075.355  000.367  000.367: require('lazy.async')
076.016  000.290  000.290: require('lazy.manage.process')
076.293  000.267  000.267: require('lazy.terminal')
076.307  000.942  000.386: require('lazy.manage.task')
076.313  001.724  000.415: require('lazy.manage.runner')
076.320  002.139  000.415: require('lazy.manage')
076.326  002.560  000.421: require('lazy.view.commands')
076.624  000.263  000.263: require('lazy.core.fragments')
087.979  000.274  000.274: require('lazy.core.handler.event')
087.992  000.585  000.311: require('lazy.core.handler.ft')
088.247  000.248  000.248: require('lazy.core.handler.cmd')
088.519  000.260  000.260: require('lazy.core.handler.keys')
089.972  000.017  000.017: sourcing nvim_exec2() called at C:\Users\Kristan\AppData\Local\nvim\init.lua:0
090.088  000.006  000.006: sourcing nvim_exec2() called at C:\Users\Kristan\AppData\Local\nvim\init.lua:0
093.157  001.901  001.901: sourcing nvim_exec2() called at C:\Users\Kristan\scoop\apps\neovim\current\share/nvim/runtime/filetype.lua:0
093.173  002.274  000.373: sourcing C:\Users\Kristan\scoop\apps\neovim\current\share/nvim/runtime/filetype.lua
093.208  002.784  000.510: sourcing nvim_exec2() called at C:\Users\Kristan\AppData\Local\nvim\init.lua:0
094.189  000.108  000.108: sourcing C:/Users/Kristan/AppData/Local/nvim-data/lazy/nvim-web-devicons/plugin/nvim-web-devicons.vim
094.221  000.458  000.349: sourcing nvim_exec2() called at C:\Users\Kristan\AppData\Local\nvim\init.lua:0
094.252  000.004  000.004: sourcing nvim_exec2() called at C:\Users\Kristan\AppData\Local\nvim\init.lua:0
094.315  000.004  000.004: sourcing nvim_exec2() called at C:\Users\Kristan\AppData\Local\nvim\init.lua:0
096.694  000.522  000.522: require('nvim-web-devicons.filetypes')
097.802  000.764  000.764: require('nvim-web-devicons.default.icons_by_filename')
098.963  001.144  001.144: require('nvim-web-devicons.default.icons_by_file_extension')
099.553  000.573  000.573: require('nvim-web-devicons.default.icons_by_operating_system')
100.108  000.541  000.541: require('nvim-web-devicons.default.icons_by_desktop_environment')
100.625  000.502  000.502: require('nvim-web-devicons.default.icons_by_window_manager')
100.639  003.921  000.397: require('nvim-web-devicons.icons-default')
101.021  006.687  002.244: require('nvim-web-devicons')
104.659  000.011  000.011: sourcing nvim_exec2() called at C:\Users\Kristan\AppData\Local\nvim\init.lua:0
104.716  000.004  000.004: sourcing nvim_exec2() called at C:\Users\Kristan\AppData\Local\nvim\init.lua:0
107.902  003.174  003.174: require('alpha')
108.414  000.495  000.495: require('alpha.themes.dashboard')
108.663  000.009  000.009: sourcing nvim_exec2() called at C:\Users\Kristan\AppData\Local\nvim\init.lua:0
108.720  000.004  000.004: sourcing nvim_exec2() called at C:\Users\Kristan\AppData\Local\nvim\init.lua:0
137.468  000.288  000.288: sourcing C:\Users\Kristan\AppData\Local\nvim-data\lazy\doki-theme-vim\autoload\rei.vim
147.399  011.116  010.828: sourcing C:\Users\Kristan\AppData\Local\nvim-data\lazy\doki-theme-vim\colors\rei.vim
150.885  000.007  000.007: sourcing nvim_exec2() called at C:\Users\Kristan\AppData\Local\nvim\init.lua:0
150.941  000.004  000.004: sourcing nvim_exec2() called at C:\Users\Kristan\AppData\Local\nvim\init.lua:0
153.637  000.366  000.366: require('lualine_require')
155.204  004.026  003.660: require('lualine')
155.653  000.017  000.017: sourcing nvim_exec2() called at C:\Users\Kristan\AppData\Local\nvim\init.lua:0
158.356  000.335  000.335: require('lualine.highlight')
160.205  000.016  000.016: sourcing nvim_exec2() called at C:\Users\Kristan\AppData\Local\nvim\init.lua:0
160.365  000.010  000.010: sourcing nvim_exec2() called at C:\Users\Kristan\AppData\Local\nvim\init.lua:0
160.451  000.011  000.011: sourcing nvim_exec2() called at C:\Users\Kristan\AppData\Local\nvim\init.lua:0
160.511  000.007  000.007: sourcing nvim_exec2() called at C:\Users\Kristan\AppData\Local\nvim\init.lua:0
160.548  000.006  000.006: sourcing nvim_exec2() called at C:\Users\Kristan\AppData\Local\nvim\init.lua:0
160.583  000.007  000.007: sourcing nvim_exec2() called at C:\Users\Kristan\AppData\Local\nvim\init.lua:0
160.644  000.022  000.022: sourcing nvim_exec2() called at C:\Users\Kristan\AppData\Local\nvim\init.lua:0
160.721  000.008  000.008: sourcing nvim_exec2() called at C:\Users\Kristan\AppData\Local\nvim\init.lua:0
160.784  000.008  000.008: sourcing nvim_exec2() called at C:\Users\Kristan\AppData\Local\nvim\init.lua:0
160.819  000.005  000.005: sourcing nvim_exec2() called at C:\Users\Kristan\AppData\Local\nvim\init.lua:0
160.915  000.005  000.005: sourcing nvim_exec2() called at C:\Users\Kristan\AppData\Local\nvim\init.lua:0
160.950  000.006  000.006: sourcing nvim_exec2() called at C:\Users\Kristan\AppData\Local\nvim\init.lua:0
160.981  000.004  000.004: sourcing nvim_exec2() called at C:\Users\Kristan\AppData\Local\nvim\init.lua:0
161.012  000.004  000.004: sourcing nvim_exec2() called at C:\Users\Kristan\AppData\Local\nvim\init.lua:0
161.044  000.006  000.006: sourcing nvim_exec2() called at C:\Users\Kristan\AppData\Local\nvim\init.lua:0
161.074  000.004  000.004: sourcing nvim_exec2() called at C:\Users\Kristan\AppData\Local\nvim\init.lua:0
161.105  000.004  000.004: sourcing nvim_exec2() called at C:\Users\Kristan\AppData\Local\nvim\init.lua:0
161.138  000.006  000.006: sourcing nvim_exec2() called at C:\Users\Kristan\AppData\Local\nvim\init.lua:0
161.168  000.004  000.004: sourcing nvim_exec2() called at C:\Users\Kristan\AppData\Local\nvim\init.lua:0
161.199  000.004  000.004: sourcing nvim_exec2() called at C:\Users\Kristan\AppData\Local\nvim\init.lua:0
161.231  000.006  000.006: sourcing nvim_exec2() called at C:\Users\Kristan\AppData\Local\nvim\init.lua:0
161.496  000.007  000.007: sourcing nvim_exec2() called at C:\Users\Kristan\AppData\Local\nvim\init.lua:0
161.523  000.018  000.018: sourcing nvim_exec2() called at C:\Users\Kristan\AppData\Local\nvim\init.lua:0
166.006  000.444  000.444: require('lualine.utils.mode')
170.187  000.057  000.057: sourcing nvim_exec2() called at C:\Users\Kristan\AppData\Local\nvim\init.lua:0
170.214  000.010  000.010: sourcing nvim_exec2() called at C:\Users\Kristan\AppData\Local\nvim\init.lua:0
171.595  000.012  000.012: sourcing nvim_exec2() called at C:\Users\Kristan\AppData\Local\nvim\init.lua:0
171.637  000.007  000.007: sourcing nvim_exec2() called at C:\Users\Kristan\AppData\Local\nvim\init.lua:0
171.672  000.006  000.006: sourcing nvim_exec2() called at C:\Users\Kristan\AppData\Local\nvim\init.lua:0
171.704  000.005  000.005: sourcing nvim_exec2() called at C:\Users\Kristan\AppData\Local\nvim\init.lua:0
171.768  000.007  000.007: sourcing nvim_exec2() called at C:\Users\Kristan\AppData\Local\nvim\init.lua:0
171.801  000.005  000.005: sourcing nvim_exec2() called at C:\Users\Kristan\AppData\Local\nvim\init.lua:0
171.863  000.006  000.006: sourcing nvim_exec2() called at C:\Users\Kristan\AppData\Local\nvim\init.lua:0
171.901  000.005  000.005: sourcing nvim_exec2() called at C:\Users\Kristan\AppData\Local\nvim\init.lua:0
171.932  000.005  000.005: sourcing nvim_exec2() called at C:\Users\Kristan\AppData\Local\nvim\init.lua:0
171.962  000.005  000.005: sourcing nvim_exec2() called at C:\Users\Kristan\AppData\Local\nvim\init.lua:0
171.992  000.005  000.005: sourcing nvim_exec2() called at C:\Users\Kristan\AppData\Local\nvim\init.lua:0
172.024  000.004  000.004: sourcing nvim_exec2() called at C:\Users\Kristan\AppData\Local\nvim\init.lua:0
172.091  000.006  000.006: sourcing nvim_exec2() called at C:\Users\Kristan\AppData\Local\nvim\init.lua:0
172.124  000.004  000.004: sourcing nvim_exec2() called at C:\Users\Kristan\AppData\Local\nvim\init.lua:0
172.186  000.006  000.006: sourcing nvim_exec2() called at C:\Users\Kristan\AppData\Local\nvim\init.lua:0
172.218  000.005  000.005: sourcing nvim_exec2() called at C:\Users\Kristan\AppData\Local\nvim\init.lua:0
172.279  000.005  000.005: sourcing nvim_exec2() called at C:\Users\Kristan\AppData\Local\nvim\init.lua:0
172.334  000.005  000.005: sourcing nvim_exec2() called at C:\Users\Kristan\AppData\Local\nvim\init.lua:0
172.387  000.005  000.005: sourcing nvim_exec2() called at C:\Users\Kristan\AppData\Local\nvim\init.lua:0
172.438  000.005  000.005: sourcing nvim_exec2() called at C:\Users\Kristan\AppData\Local\nvim\init.lua:0
172.490  000.006  000.006: sourcing nvim_exec2() called at C:\Users\Kristan\AppData\Local\nvim\init.lua:0
173.250  000.051  000.051: sourcing nvim_exec2() called at C:\Users\Kristan\AppData\Local\nvim\init.lua:0
173.268  000.004  000.004: sourcing nvim_exec2() called at C:\Users\Kristan\AppData\Local\nvim\init.lua:0
173.314  000.038  000.038: sourcing nvim_exec2() called at C:\Users\Kristan\AppData\Local\nvim\init.lua:0
173.327  000.006  000.006: sourcing nvim_exec2() called at C:\Users\Kristan\AppData\Local\nvim\init.lua:0
176.232  000.019  000.019: sourcing nvim_exec2() called at C:\Users\Kristan\AppData\Local\nvim\init.lua:0
176.299  000.010  000.010: sourcing nvim_exec2() called at C:\Users\Kristan\AppData\Local\nvim\init.lua:0
176.344  000.009  000.009: sourcing nvim_exec2() called at C:\Users\Kristan\AppData\Local\nvim\init.lua:0
176.388  000.008  000.008: sourcing nvim_exec2() called at C:\Users\Kristan\AppData\Local\nvim\init.lua:0
176.445  000.009  000.009: sourcing nvim_exec2() called at C:\Users\Kristan\AppData\Local\nvim\init.lua:0
176.488  000.008  000.008: sourcing nvim_exec2() called at C:\Users\Kristan\AppData\Local\nvim\init.lua:0
176.530  000.007  000.007: sourcing nvim_exec2() called at C:\Users\Kristan\AppData\Local\nvim\init.lua:0
176.586  000.009  000.009: sourcing nvim_exec2() called at C:\Users\Kristan\AppData\Local\nvim\init.lua:0
176.632  000.006  000.006: sourcing nvim_exec2() called at C:\Users\Kristan\AppData\Local\nvim\init.lua:0
176.665  000.005  000.005: sourcing nvim_exec2() called at C:\Users\Kristan\AppData\Local\nvim\init.lua:0
176.747  000.007  000.007: sourcing nvim_exec2() called at C:\Users\Kristan\AppData\Local\nvim\init.lua:0
176.780  000.005  000.005: sourcing nvim_exec2() called at C:\Users\Kristan\AppData\Local\nvim\init.lua:0
176.816  000.005  000.005: sourcing nvim_exec2() called at C:\Users\Kristan\AppData\Local\nvim\init.lua:0
176.847  000.005  000.005: sourcing nvim_exec2() called at C:\Users\Kristan\AppData\Local\nvim\init.lua:0
176.884  000.005  000.005: sourcing nvim_exec2() called at C:\Users\Kristan\AppData\Local\nvim\init.lua:0
176.914  000.005  000.005: sourcing nvim_exec2() called at C:\Users\Kristan\AppData\Local\nvim\init.lua:0
176.945  000.005  000.005: sourcing nvim_exec2() called at C:\Users\Kristan\AppData\Local\nvim\init.lua:0
176.975  000.005  000.005: sourcing nvim_exec2() called at C:\Users\Kristan\AppData\Local\nvim\init.lua:0
177.006  000.005  000.005: sourcing nvim_exec2() called at C:\Users\Kristan\AppData\Local\nvim\init.lua:0
177.037  000.005  000.005: sourcing nvim_exec2() called at C:\Users\Kristan\AppData\Local\nvim\init.lua:0
177.066  000.004  000.004: sourcing nvim_exec2() called at C:\Users\Kristan\AppData\Local\nvim\init.lua:0
177.102  000.005  000.005: sourcing nvim_exec2() called at C:\Users\Kristan\AppData\Local\nvim\init.lua:0
177.137  000.005  000.005: sourcing nvim_exec2() called at C:\Users\Kristan\AppData\Local\nvim\init.lua:0
177.166  000.004  000.004: sourcing nvim_exec2() called at C:\Users\Kristan\AppData\Local\nvim\init.lua:0
177.196  000.004  000.004: sourcing nvim_exec2() called at C:\Users\Kristan\AppData\Local\nvim\init.lua:0
177.229  000.005  000.005: sourcing nvim_exec2() called at C:\Users\Kristan\AppData\Local\nvim\init.lua:0
177.258  000.005  000.005: sourcing nvim_exec2() called at C:\Users\Kristan\AppData\Local\nvim\init.lua:0
177.289  000.005  000.005: sourcing nvim_exec2() called at C:\Users\Kristan\AppData\Local\nvim\init.lua:0
183.060  000.044  000.044: sourcing nvim_exec2() called at C:\Users\Kristan\AppData\Local\nvim\init.lua:0
183.209  000.082  000.082: sourcing nvim_exec2() called at C:\Users\Kristan\AppData\Local\nvim\init.lua:0
183.272  000.043  000.043: sourcing nvim_exec2() called at C:\Users\Kristan\AppData\Local\nvim\init.lua:0
183.304  000.016  000.016: sourcing nvim_exec2() called at C:\Users\Kristan\AppData\Local\nvim\init.lua:0
183.326  000.009  000.009: sourcing nvim_exec2() called at C:\Users\Kristan\AppData\Local\nvim\init.lua:0
183.656  000.007  000.007: sourcing nvim_exec2() called at C:\Users\Kristan\AppData\Local\nvim\init.lua:0
183.727  000.006  000.006: sourcing nvim_exec2() called at C:\Users\Kristan\AppData\Local\nvim\init.lua:0
188.042  000.497  000.497: require('bufferline.lazy')
188.551  000.477  000.477: require('bufferline.commands')
189.146  000.576  000.576: require('bufferline.config')
189.163  005.420  003.870: require('bufferline')
190.326  000.507  000.507: require('bufferline.utils')
190.340  001.073  000.566: require('bufferline.groups')
190.807  000.412  000.412: require('bufferline.constants')
191.306  000.482  000.482: require('bufferline.colors')
192.201  000.539  000.539: require('bufferline.highlights')
194.439  000.566  000.566: require('vim.version')
198.829  005.554  004.988: require('bufferline.hover')
199.893  000.900  000.900: require('bufferline.ui')
202.263  000.385  000.385: sourcing C:\Users\Kristan\scoop\apps\neovim\current\share/nvim/runtime/plugin/editorconfig.lua
202.300  001.125  000.741: sourcing nvim_exec2() called at C:\Users\Kristan\AppData\Local\nvim\init.lua:0
203.659  000.562  000.562: sourcing C:\Users\Kristan\scoop\apps\neovim\current\share/nvim/runtime/plugin/man.lua
203.708  001.363  000.801: sourcing nvim_exec2() called at C:\Users\Kristan\AppData\Local\nvim\init.lua:0
205.118  000.656  000.656: sourcing C:\Users\Kristan\scoop\apps\neovim\current\share/nvim/runtime/plugin/net.lua
205.166  001.427  000.771: sourcing nvim_exec2() called at C:\Users\Kristan\AppData\Local\nvim\init.lua:0
206.488  000.563  000.563: sourcing C:\Users\Kristan\scoop\apps\neovim\current\share/nvim/runtime/plugin/osc52.lua
206.543  001.258  000.695: sourcing nvim_exec2() called at C:\Users\Kristan\AppData\Local\nvim\init.lua:0
208.289  001.065  001.065: sourcing C:\Users\Kristan\scoop\apps\neovim\current\share/nvim/runtime/plugin/rplugin.vim
208.328  001.755  000.691: sourcing nvim_exec2() called at C:\Users\Kristan\AppData\Local\nvim\init.lua:0
209.651  000.598  000.598: sourcing C:\Users\Kristan\scoop\apps\neovim\current\share/nvim/runtime/plugin/shada.lua
209.707  001.344  000.746: sourcing nvim_exec2() called at C:\Users\Kristan\AppData\Local\nvim\init.lua:0
210.940  000.454  000.454: sourcing C:\Users\Kristan\scoop\apps\neovim\current\share/nvim/runtime/plugin/spellfile.lua
210.992  001.255  000.801: sourcing nvim_exec2() called at C:\Users\Kristan\AppData\Local\nvim\init.lua:0
211.528  147.228  081.267: require('config.lazy')
211.548  154.468  000.285: sourcing C:\Users\Kristan\AppData\Local\nvim\init.lua
211.661  003.822: sourcing vimrc file(s)
213.751  000.537  000.537: sourcing C:\Users\Kristan\scoop\apps\neovim\current\share\nvim\runtime\filetype.lua
217.338  000.318  000.318: sourcing C:\Users\Kristan\scoop\apps\neovim\current\share\nvim\runtime\syntax\synload.vim
217.676  002.144  001.826: sourcing C:\Users\Kristan\scoop\apps\neovim\current\share/nvim/runtime/syntax/syntax.vim
217.750  003.408: inits 3
222.070  004.320: reading ShaDa
222.363  000.293: opening buffers
223.516  000.590  000.590: require('bufferline.state')
223.543  000.590: BufEnter autocommands
223.552  000.009: editing files in windows
223.631  000.079: --- NVIM STARTED ---

