--- Startup times for process: Primary (or UI client) ---

times in msec
 clock   self+sourced   self:  sourced script
 clock   elapsed:              other lines

000.015  000.015: --- NVIM STARTING ---
000.121  000.106: event init
000.331  000.210: early init
029.700  029.369: locale set
029.793  000.092: init first window
031.857  002.065: inits 1
031.922  000.065: window checked
031.936  000.014: parsing arguments
033.744  000.805  000.805: require('vim._core.shared')
035.613  000.035  000.035: require('string.buffer')
035.792  000.845  000.809: require('vim.inspect')
036.341  000.486  000.486: require('vim._core.options')
036.371  002.600  001.270: require('vim._core.editor')
036.758  000.374  000.374: require('vim._core.system')
036.773  004.002  000.223: require('vim._init_packages')
036.798  000.860: init lua interpreter
037.003  000.205: expanding arguments
037.051  000.048: inits 2
037.749  000.698: init highlight
037.802  000.053: clear screen
039.199  000.070  000.070: require('vim.keymap')
040.710  000.359  000.359: sourcing nvim_exec2()
040.812  000.051  000.051: require('vim._core.log')
069.469  031.652  031.172: require('vim._core.defaults')
069.493  000.039: init default mappings & autocommands
073.310  000.176  000.176: sourcing C:\Users\Kristan\scoop\apps\neovim\current\share\nvim\runtime\ftplugin.vim
074.160  000.121  000.121: sourcing C:\Users\Kristan\scoop\apps\neovim\current\share\nvim\runtime\indent.vim
076.542  000.874  000.874: require('vim.fs')
077.389  000.827  000.827: require('vim.uri')
077.437  002.280  000.579: require('vim.loader')
082.673  004.537  004.537: require('vim.filetype')
085.412  000.479  000.479: require('vim.treesitter.language')
085.929  000.482  000.482: require('vim.func')
086.468  000.525  000.525: require('vim.treesitter._range')
086.949  000.458  000.458: require('vim.func._memoize')
087.038  002.627  000.683: require('vim.treesitter.query')
087.088  003.390  000.763: require('vim.treesitter.languagetree')
087.123  004.406  001.016: require('vim.treesitter')
088.546  010.977  002.034: require('vim_options')
088.987  000.425  000.425: require('krs.core.keymap_registry')
090.927  001.505  001.505: require('keymaps.editor')
091.928  000.611  000.611: require('keymaps.debug')
092.372  001.435  000.825: require('keymaps.search')
093.967  000.231  000.231: require('vim.F')
094.372  001.368  001.137: require('vim.diagnostic')
094.972  002.588  001.220: require('keymaps.lsp')
098.986  003.839  003.839: require('keymaps.krs')
099.007  010.007  000.639: require('keymaps')
104.227  004.394  004.394: require('lazy')
104.320  000.046  000.046: require('ffi')
104.827  000.492  000.492: require('lazy.stats')
105.942  000.675  000.675: require('lazy.core.util')
106.686  000.715  000.715: require('lazy.core.config')
107.972  000.647  000.647: require('lazy.core.handler')
109.712  000.546  000.546: require('lazy.pkg')
109.751  001.008  000.462: require('lazy.core.meta')
109.772  001.772  000.764: require('lazy.core.plugin')
109.798  003.090  000.670: require('lazy.core.loader')
113.023  000.409  000.409: require('lazy.async')
114.292  000.576  000.576: require('lazy.manage.process')
114.843  000.526  000.526: require('lazy.terminal')
114.874  001.830  000.729: require('lazy.manage.task')
114.887  002.829  000.590: require('lazy.manage.runner')
114.905  003.657  000.828: require('lazy.manage')
114.915  004.335  000.678: require('lazy.view.commands')
115.863  000.705  000.705: require('lazy.core.fragments')
125.652  000.422  000.422: require('krs.core.path')
125.676  000.845  000.423: require('krs.core.store')
128.324  000.464  000.464: require('krs.projects.favorites')
134.705  001.753  001.753: require('vim.lsp.protocol')
134.969  002.712  000.959: require('vim.lsp.log')
137.967  001.933  001.933: require('vim._core.util')
138.187  003.193  001.260: require('vim.lsp.util')
139.321  000.488  000.488: require('vim.lsp.sync')
139.344  001.141  000.653: require('vim.lsp._changetracking')
140.185  000.409  000.409: require('vim.lsp._transport')
140.290  000.088  000.088: require('vim._core.stringbuffer')
140.371  001.016  000.518: require('vim.lsp.rpc')
140.505  009.261  001.199: require('vim.lsp')
140.520  010.011  000.750: require('krs.lsp.editorconfig')
143.964  000.440  000.440: require('krs.core.lazyspec')
144.167  001.368  000.928: require('plugins.krs.type_injector')
144.834  000.634  000.634: require('vim.lsp.client')
151.836  000.297  000.297: require('krs.core.project')
154.721  000.407  000.407: require('krs.git.cmd')
155.085  000.346  000.346: require('krs.git.status')
155.472  000.375  000.375: require('krs.git.diff')
155.815  000.332  000.332: require('krs.git.submodules')
156.380  000.552  000.552: require('krs.core.ui')
156.962  000.566  000.566: require('krs.core.icons')
159.246  000.458  000.458: require('vim.ui')
160.863  000.414  000.414: require('krs.launch.runtimes')
170.210  001.017  001.017: require('krs.core.dock')
174.937  000.505  000.505: require('krs.core.z_index')
184.616  000.922  000.922: require('lazy.core.handler.event')
184.637  001.610  000.688: require('lazy.core.handler.ft')
185.371  000.722  000.722: require('lazy.core.handler.keys')
186.415  001.020  001.020: require('lazy.core.handler.cmd')
187.766  000.021  000.021: sourcing nvim_exec2() called at C:\Users\Kristan\AppData\Local\nvim\init.lua:0
187.954  000.010  000.010: sourcing nvim_exec2() called at C:\Users\Kristan\AppData\Local\nvim\init.lua:0
188.676  000.012  000.012: sourcing nvim_exec2() called at C:\Users\Kristan\AppData\Local\nvim\init.lua:0
189.729  000.250  000.250: sourcing C:/Users/Kristan/AppData/Local/nvim-data/lazy/vim-blade/ftdetect/blade.vim
189.785  000.832  000.582: sourcing nvim_exec2() called at C:\Users\Kristan\AppData\Local\nvim\init.lua:0
189.830  000.007  000.007: sourcing nvim_exec2() called at C:\Users\Kristan\AppData\Local\nvim\init.lua:0
190.047  000.008  000.008: sourcing nvim_exec2() called at C:\Users\Kristan\AppData\Local\nvim\init.lua:0
190.203  000.005  000.005: sourcing nvim_exec2() called at C:\Users\Kristan\AppData\Local\nvim\init.lua:0
195.131  000.021  000.021: sourcing nvim_exec2() called at C:\Users\Kristan\AppData\Local\nvim\init.lua:0
195.311  000.009  000.009: sourcing nvim_exec2() called at C:\Users\Kristan\AppData\Local\nvim\init.lua:0
198.527  000.026  000.026: sourcing nvim_exec2() called at C:\Users\Kristan\AppData\Local\nvim\init.lua:0
198.743  000.006  000.006: sourcing nvim_exec2() called at C:\Users\Kristan\AppData\Local\nvim\init.lua:0
199.845  000.010  000.010: sourcing nvim_exec2() called at C:\Users\Kristan\AppData\Local\nvim\init.lua:0
199.970  000.004  000.004: sourcing nvim_exec2() called at C:\Users\Kristan\AppData\Local\nvim\init.lua:0
202.647  000.010  000.010: sourcing nvim_exec2() called at C:\Users\Kristan\AppData\Local\nvim\init.lua:0
202.763  000.005  000.005: sourcing nvim_exec2() called at C:\Users\Kristan\AppData\Local\nvim\init.lua:0
206.842  002.805  002.805: sourcing nvim_exec2() called at C:\Users\Kristan\scoop\apps\neovim\current\share/nvim/runtime/filetype.lua:0
206.868  003.421  000.616: sourcing C:\Users\Kristan\scoop\apps\neovim\current\share/nvim/runtime/filetype.lua
206.911  003.969  000.547: sourcing nvim_exec2() called at C:\Users\Kristan\AppData\Local\nvim\init.lua:0
207.511  000.008  000.008: sourcing nvim_exec2() called at C:\Users\Kristan\AppData\Local\nvim\init.lua:0
207.578  000.005  000.005: sourcing nvim_exec2() called at C:\Users\Kristan\AppData\Local\nvim\init.lua:0
212.327  000.538  000.538: require('notify.util.queue')
212.349  001.189  000.651: require('notify.util')
212.838  000.083  000.083: sourcing nvim_exec2() called at C:\Users\Kristan\AppData\Local\nvim\init.lua:0
212.889  000.031  000.031: sourcing nvim_exec2() called at C:\Users\Kristan\AppData\Local\nvim\init.lua:0
212.899  000.540  000.426: require('notify.config.highlights')
212.911  002.339  000.611: require('notify.config')
213.829  000.465  000.465: require('notify.stages')
214.312  000.468  000.468: require('notify.service.notification')
215.797  000.589  000.589: require('notify.animate.spring')
215.814  001.040  000.451: require('notify.animate')
216.046  001.720  000.680: require('notify.windows')
217.578  000.549  000.549: require('notify.service.buffer.highlights')
217.611  001.100  000.552: require('notify.service.buffer')
217.627  001.574  000.473: require('notify.service')
218.114  000.480  000.480: require('notify.stages.util')
218.133  005.213  000.507: require('notify.instance')
218.148  010.543  002.990: require('notify')
218.773  000.452  000.452: require('notify.stages.fade_in_slide_out')
218.846  000.026  000.026: sourcing nvim_exec2() called at C:\Users\Kristan\AppData\Local\nvim\init.lua:0
218.883  000.021  000.021: sourcing nvim_exec2() called at C:\Users\Kristan\AppData\Local\nvim\init.lua:0
219.209  000.014  000.014: sourcing nvim_exec2() called at C:\Users\Kristan\AppData\Local\nvim\init.lua:0
219.278  000.005  000.005: sourcing nvim_exec2() called at C:\Users\Kristan\AppData\Local\nvim\init.lua:0
222.725  000.188  000.188: sourcing C:/Users/Kristan/AppData/Local/nvim-data/lazy/nvim-web-devicons/plugin/nvim-web-devicons.vim
222.775  000.775  000.587: sourcing nvim_exec2() called at C:\Users\Kristan\AppData\Local\nvim\init.lua:0
222.812  000.005  000.005: sourcing nvim_exec2() called at C:\Users\Kristan\AppData\Local\nvim\init.lua:0
222.928  000.006  000.006: sourcing nvim_exec2() called at C:\Users\Kristan\AppData\Local\nvim\init.lua:0
226.950  000.672  000.672: require('nvim-web-devicons.filetypes')
228.499  000.893  000.893: require('nvim-web-devicons.default.icons_by_filename')
229.855  001.333  001.333: require('nvim-web-devicons.default.icons_by_file_extension')
230.648  000.749  000.749: require('nvim-web-devicons.default.icons_by_operating_system')
231.784  001.113  001.113: require('nvim-web-devicons.default.icons_by_desktop_environment')
232.423  000.610  000.610: require('nvim-web-devicons.default.icons_by_window_manager')
232.448  005.422  000.724: require('nvim-web-devicons.icons-default')
232.950  009.979  003.886: require('nvim-web-devicons')
238.030  000.029  000.029: sourcing nvim_exec2() called at C:\Users\Kristan\AppData\Local\nvim\init.lua:0
238.107  000.005  000.005: sourcing nvim_exec2() called at C:\Users\Kristan\AppData\Local\nvim\init.lua:0
241.630  000.361  000.361: require('bufferline.lazy')
243.213  001.562  001.562: require('bufferline.commands')
243.784  000.549  000.549: require('bufferline.config')
243.802  005.678  003.206: require('bufferline')
244.834  000.455  000.455: require('bufferline.utils')
244.848  000.922  000.467: require('bufferline.groups')
245.241  000.356  000.356: require('bufferline.constants')
245.758  000.504  000.504: require('bufferline.colors')
246.812  000.438  000.438: require('bufferline.highlights')
248.916  000.527  000.527: require('vim.version')
251.664  003.790  003.263: require('bufferline.hover')
252.497  000.687  000.687: require('bufferline.ui')
253.856  000.016  000.016: sourcing nvim_exec2() called at C:\Users\Kristan\AppData\Local\nvim\init.lua:0
253.931  000.005  000.005: sourcing nvim_exec2() called at C:\Users\Kristan\AppData\Local\nvim\init.lua:0
294.870  000.519  000.519: sourcing nvim_exec2() called at C:\Users\Kristan\AppData\Local\nvim\colors\nagatoro-krs.lua:0
295.345  001.377  000.858: sourcing C:\Users\Kristan\AppData\Local\nvim\colors\nagatoro-krs.lua
295.529  000.040  000.040: sourcing nvim_exec2() called at ColorScheme Autocommands for "*":0
301.825  000.012  000.012: sourcing nvim_exec2() called at C:\Users\Kristan\AppData\Local\nvim\init.lua:0
301.899  000.005  000.005: sourcing nvim_exec2() called at C:\Users\Kristan\AppData\Local\nvim\init.lua:0
305.049  000.012  000.012: sourcing nvim_exec2() called at C:\Users\Kristan\AppData\Local\nvim\init.lua:0
305.120  000.005  000.005: sourcing nvim_exec2() called at C:\Users\Kristan\AppData\Local\nvim\init.lua:0
307.759  000.012  000.012: sourcing nvim_exec2() called at C:\Users\Kristan\AppData\Local\nvim\init.lua:0
307.822  000.004  000.004: sourcing nvim_exec2() called at C:\Users\Kristan\AppData\Local\nvim\init.lua:0
312.408  000.010  000.010: sourcing nvim_exec2() called at C:\Users\Kristan\AppData\Local\nvim\init.lua:0
312.462  000.005  000.005: sourcing nvim_exec2() called at C:\Users\Kristan\AppData\Local\nvim\init.lua:0
312.680  000.013  000.013: sourcing nvim_exec2() called at C:\Users\Kristan\AppData\Local\nvim\init.lua:0
312.698  000.009  000.009: sourcing nvim_exec2() called at C:\Users\Kristan\AppData\Local\nvim\init.lua:0
312.712  000.008  000.008: sourcing nvim_exec2() called at C:\Users\Kristan\AppData\Local\nvim\init.lua:0
312.727  000.008  000.008: sourcing nvim_exec2() called at C:\Users\Kristan\AppData\Local\nvim\init.lua:0
312.741  000.009  000.009: sourcing nvim_exec2() called at C:\Users\Kristan\AppData\Local\nvim\init.lua:0
312.818  000.013  000.013: sourcing nvim_exec2() called at C:\Users\Kristan\AppData\Local\nvim\init.lua:0
315.011  000.009  000.009: sourcing nvim_exec2() called at C:\Users\Kristan\AppData\Local\nvim\init.lua:0
315.059  000.004  000.004: sourcing nvim_exec2() called at C:\Users\Kristan\AppData\Local\nvim\init.lua:0
318.774  003.704  003.704: require('alpha')
319.290  000.496  000.496: require('alpha.themes.dashboard')
319.735  000.365  000.365: require('plugins.krs.wsl')
333.590  000.030  000.030: sourcing nvim_exec2() called at C:\Users\Kristan\AppData\Local\nvim\init.lua:0
333.674  000.004  000.004: sourcing nvim_exec2() called at C:\Users\Kristan\AppData\Local\nvim\init.lua:0
336.182  000.008  000.008: sourcing nvim_exec2() called at C:\Users\Kristan\AppData\Local\nvim\init.lua:0
336.232  000.004  000.004: sourcing nvim_exec2() called at C:\Users\Kristan\AppData\Local\nvim\init.lua:0
336.734  000.341  000.341: require('plugins.krs.statusline_picker')
340.992  000.598  000.598: require('lualine_require')
343.954  007.068  006.470: require('lualine')
344.752  000.043  000.043: sourcing nvim_exec2() called at C:\Users\Kristan\AppData\Local\nvim\init.lua:0
349.077  000.526  000.526: require('lualine.highlight')
352.268  000.026  000.026: sourcing nvim_exec2() called at C:\Users\Kristan\AppData\Local\nvim\init.lua:0
352.485  000.012  000.012: sourcing nvim_exec2() called at C:\Users\Kristan\AppData\Local\nvim\init.lua:0
352.618  000.009  000.009: sourcing nvim_exec2() called at C:\Users\Kristan\AppData\Local\nvim\init.lua:0
352.682  000.007  000.007: sourcing nvim_exec2() called at C:\Users\Kristan\AppData\Local\nvim\init.lua:0
352.781  000.007  000.007: sourcing nvim_exec2() called at C:\Users\Kristan\AppData\Local\nvim\init.lua:0
352.825  000.005  000.005: sourcing nvim_exec2() called at C:\Users\Kristan\AppData\Local\nvim\init.lua:0
352.881  000.007  000.007: sourcing nvim_exec2() called at C:\Users\Kristan\AppData\Local\nvim\init.lua:0
352.935  000.008  000.008: sourcing nvim_exec2() called at C:\Users\Kristan\AppData\Local\nvim\init.lua:0
353.013  000.006  000.006: sourcing nvim_exec2() called at C:\Users\Kristan\AppData\Local\nvim\init.lua:0
353.097  000.006  000.006: sourcing nvim_exec2() called at C:\Users\Kristan\AppData\Local\nvim\init.lua:0
353.129  000.006  000.006: sourcing nvim_exec2() called at C:\Users\Kristan\AppData\Local\nvim\init.lua:0
353.172  000.008  000.008: sourcing nvim_exec2() called at C:\Users\Kristan\AppData\Local\nvim\init.lua:0
353.217  000.008  000.008: sourcing nvim_exec2() called at C:\Users\Kristan\AppData\Local\nvim\init.lua:0
353.264  000.006  000.006: sourcing nvim_exec2() called at C:\Users\Kristan\AppData\Local\nvim\init.lua:0
353.308  000.006  000.006: sourcing nvim_exec2() called at C:\Users\Kristan\AppData\Local\nvim\init.lua:0
353.347  000.008  000.008: sourcing nvim_exec2() called at C:\Users\Kristan\AppData\Local\nvim\init.lua:0
353.389  000.006  000.006: sourcing nvim_exec2() called at C:\Users\Kristan\AppData\Local\nvim\init.lua:0
353.427  000.005  000.005: sourcing nvim_exec2() called at C:\Users\Kristan\AppData\Local\nvim\init.lua:0
353.605  000.010  000.010: sourcing nvim_exec2() called at C:\Users\Kristan\AppData\Local\nvim\init.lua:0
353.656  000.005  000.005: sourcing nvim_exec2() called at C:\Users\Kristan\AppData\Local\nvim\init.lua:0
353.695  000.007  000.007: sourcing nvim_exec2() called at C:\Users\Kristan\AppData\Local\nvim\init.lua:0
359.985  000.032  000.032: sourcing nvim_exec2() called at C:\Users\Kristan\AppData\Local\nvim\init.lua:0
360.052  000.041  000.041: sourcing nvim_exec2() called at C:\Users\Kristan\AppData\Local\nvim\init.lua:0
371.027  000.055  000.055: sourcing nvim_exec2() called at C:\Users\Kristan\AppData\Local\nvim\init.lua:0
371.057  000.012  000.012: sourcing nvim_exec2() called at C:\Users\Kristan\AppData\Local\nvim\init.lua:0
373.322  000.017  000.017: sourcing nvim_exec2() called at C:\Users\Kristan\AppData\Local\nvim\init.lua:0
373.367  000.006  000.006: sourcing nvim_exec2() called at C:\Users\Kristan\AppData\Local\nvim\init.lua:0
373.424  000.007  000.007: sourcing nvim_exec2() called at C:\Users\Kristan\AppData\Local\nvim\init.lua:0
373.461  000.005  000.005: sourcing nvim_exec2() called at C:\Users\Kristan\AppData\Local\nvim\init.lua:0
373.528  000.005  000.005: sourcing nvim_exec2() called at C:\Users\Kristan\AppData\Local\nvim\init.lua:0
373.560  000.004  000.004: sourcing nvim_exec2() called at C:\Users\Kristan\AppData\Local\nvim\init.lua:0
373.588  000.004  000.004: sourcing nvim_exec2() called at C:\Users\Kristan\AppData\Local\nvim\init.lua:0
373.623  000.005  000.005: sourcing nvim_exec2() called at C:\Users\Kristan\AppData\Local\nvim\init.lua:0
373.653  000.004  000.004: sourcing nvim_exec2() called at C:\Users\Kristan\AppData\Local\nvim\init.lua:0
373.686  000.005  000.005: sourcing nvim_exec2() called at C:\Users\Kristan\AppData\Local\nvim\init.lua:0
373.725  000.005  000.005: sourcing nvim_exec2() called at C:\Users\Kristan\AppData\Local\nvim\init.lua:0
373.759  000.004  000.004: sourcing nvim_exec2() called at C:\Users\Kristan\AppData\Local\nvim\init.lua:0
373.787  000.004  000.004: sourcing nvim_exec2() called at C:\Users\Kristan\AppData\Local\nvim\init.lua:0
373.817  000.004  000.004: sourcing nvim_exec2() called at C:\Users\Kristan\AppData\Local\nvim\init.lua:0
373.857  000.004  000.004: sourcing nvim_exec2() called at C:\Users\Kristan\AppData\Local\nvim\init.lua:0
373.908  000.007  000.007: sourcing nvim_exec2() called at C:\Users\Kristan\AppData\Local\nvim\init.lua:0
373.940  000.004  000.004: sourcing nvim_exec2() called at C:\Users\Kristan\AppData\Local\nvim\init.lua:0
373.977  000.004  000.004: sourcing nvim_exec2() called at C:\Users\Kristan\AppData\Local\nvim\init.lua:0
374.005  000.004  000.004: sourcing nvim_exec2() called at C:\Users\Kristan\AppData\Local\nvim\init.lua:0
374.037  000.004  000.004: sourcing nvim_exec2() called at C:\Users\Kristan\AppData\Local\nvim\init.lua:0
374.075  000.006  000.006: sourcing nvim_exec2() called at C:\Users\Kristan\AppData\Local\nvim\init.lua:0
385.074  000.081  000.081: sourcing nvim_exec2() called at C:\Users\Kristan\AppData\Local\nvim\init.lua:0
385.106  000.006  000.006: sourcing nvim_exec2() called at C:\Users\Kristan\AppData\Local\nvim\init.lua:0
385.170  000.054  000.054: sourcing nvim_exec2() called at C:\Users\Kristan\AppData\Local\nvim\init.lua:0
385.191  000.010  000.010: sourcing nvim_exec2() called at C:\Users\Kristan\AppData\Local\nvim\init.lua:0
391.045  000.020  000.020: sourcing nvim_exec2() called at C:\Users\Kristan\AppData\Local\nvim\init.lua:0
391.099  000.008  000.008: sourcing nvim_exec2() called at C:\Users\Kristan\AppData\Local\nvim\init.lua:0
391.141  000.007  000.007: sourcing nvim_exec2() called at C:\Users\Kristan\AppData\Local\nvim\init.lua:0
391.180  000.006  000.006: sourcing nvim_exec2() called at C:\Users\Kristan\AppData\Local\nvim\init.lua:0
391.220  000.007  000.007: sourcing nvim_exec2() called at C:\Users\Kristan\AppData\Local\nvim\init.lua:0
391.260  000.006  000.006: sourcing nvim_exec2() called at C:\Users\Kristan\AppData\Local\nvim\init.lua:0
391.303  000.009  000.009: sourcing nvim_exec2() called at C:\Users\Kristan\AppData\Local\nvim\init.lua:0
391.354  000.007  000.007: sourcing nvim_exec2() called at C:\Users\Kristan\AppData\Local\nvim\init.lua:0
391.396  000.006  000.006: sourcing nvim_exec2() called at C:\Users\Kristan\AppData\Local\nvim\init.lua:0
391.441  000.008  000.008: sourcing nvim_exec2() called at C:\Users\Kristan\AppData\Local\nvim\init.lua:0
391.477  000.006  000.006: sourcing nvim_exec2() called at C:\Users\Kristan\AppData\Local\nvim\init.lua:0
391.523  000.015  000.015: sourcing nvim_exec2() called at C:\Users\Kristan\AppData\Local\nvim\init.lua:0
391.561  000.006  000.006: sourcing nvim_exec2() called at C:\Users\Kristan\AppData\Local\nvim\init.lua:0
391.598  000.006  000.006: sourcing nvim_exec2() called at C:\Users\Kristan\AppData\Local\nvim\init.lua:0
391.680  000.008  000.008: sourcing nvim_exec2() called at C:\Users\Kristan\AppData\Local\nvim\init.lua:0
391.719  000.006  000.006: sourcing nvim_exec2() called at C:\Users\Kristan\AppData\Local\nvim\init.lua:0
391.768  000.008  000.008: sourcing nvim_exec2() called at C:\Users\Kristan\AppData\Local\nvim\init.lua:0
391.805  000.006  000.006: sourcing nvim_exec2() called at C:\Users\Kristan\AppData\Local\nvim\init.lua:0
391.869  000.007  000.007: sourcing nvim_exec2() called at C:\Users\Kristan\AppData\Local\nvim\init.lua:0
391.910  000.008  000.008: sourcing nvim_exec2() called at C:\Users\Kristan\AppData\Local\nvim\init.lua:0
391.946  000.006  000.006: sourcing nvim_exec2() called at C:\Users\Kristan\AppData\Local\nvim\init.lua:0
391.990  000.006  000.006: sourcing nvim_exec2() called at C:\Users\Kristan\AppData\Local\nvim\init.lua:0
392.043  000.007  000.007: sourcing nvim_exec2() called at C:\Users\Kristan\AppData\Local\nvim\init.lua:0
392.084  000.006  000.006: sourcing nvim_exec2() called at C:\Users\Kristan\AppData\Local\nvim\init.lua:0
392.136  000.009  000.009: sourcing nvim_exec2() called at C:\Users\Kristan\AppData\Local\nvim\init.lua:0
392.187  000.008  000.008: sourcing nvim_exec2() called at C:\Users\Kristan\AppData\Local\nvim\init.lua:0
392.249  000.008  000.008: sourcing nvim_exec2() called at C:\Users\Kristan\AppData\Local\nvim\init.lua:0
392.289  000.008  000.008: sourcing nvim_exec2() called at C:\Users\Kristan\AppData\Local\nvim\init.lua:0
393.909  000.611  000.611: require('lualine.utils.mode')
399.204  000.033  000.033: sourcing nvim_exec2() called at C:\Users\Kristan\AppData\Local\nvim\init.lua:0
399.347  000.074  000.074: sourcing nvim_exec2() called at C:\Users\Kristan\AppData\Local\nvim\init.lua:0
399.403  000.036  000.036: sourcing nvim_exec2() called at C:\Users\Kristan\AppData\Local\nvim\init.lua:0
399.433  000.015  000.015: sourcing nvim_exec2() called at C:\Users\Kristan\AppData\Local\nvim\init.lua:0
399.453  000.009  000.009: sourcing nvim_exec2() called at C:\Users\Kristan\AppData\Local\nvim\init.lua:0
401.109  000.413  000.413: sourcing C:\Users\Kristan\scoop\apps\neovim\current\share/nvim/runtime/plugin/editorconfig.lua
401.147  001.137  000.723: sourcing nvim_exec2() called at C:\Users\Kristan\AppData\Local\nvim\init.lua:0
402.213  000.501  000.501: sourcing C:\Users\Kristan\scoop\apps\neovim\current\share/nvim/runtime/plugin/man.lua
402.257  001.078  000.577: sourcing nvim_exec2() called at C:\Users\Kristan\AppData\Local\nvim\init.lua:0
403.729  000.785  000.785: sourcing C:\Users\Kristan\scoop\apps\neovim\current\share/nvim/runtime/plugin/net.lua
403.859  001.574  000.788: sourcing nvim_exec2() called at C:\Users\Kristan\AppData\Local\nvim\init.lua:0
405.778  000.714  000.714: sourcing C:\Users\Kristan\scoop\apps\neovim\current\share/nvim/runtime/plugin/osc52.lua
405.834  001.887  001.173: sourcing nvim_exec2() called at C:\Users\Kristan\AppData\Local\nvim\init.lua:0
408.104  001.606  001.606: sourcing C:\Users\Kristan\scoop\apps\neovim\current\share/nvim/runtime/plugin/rplugin.vim
408.177  002.307  000.701: sourcing nvim_exec2() called at C:\Users\Kristan\AppData\Local\nvim\init.lua:0
409.885  000.685  000.685: sourcing C:\Users\Kristan\scoop\apps\neovim\current\share/nvim/runtime/plugin/shada.lua
409.967  001.732  001.047: sourcing nvim_exec2() called at C:\Users\Kristan\AppData\Local\nvim\init.lua:0
411.734  000.686  000.686: sourcing C:\Users\Kristan\scoop\apps\neovim\current\share/nvim/runtime/plugin/spellfile.lua
411.803  001.790  001.104: sourcing nvim_exec2() called at C:\Users\Kristan\AppData\Local\nvim\init.lua:0
413.674  000.934  000.934: require('krs.core.installer')
413.853  314.839  211.058: require('lazy_init')
413.889  338.954  000.425: sourcing C:\Users\Kristan\AppData\Local\nvim\init.lua
413.976  005.232: sourcing vimrc file(s)
416.132  000.493  000.493: sourcing C:\Users\Kristan\scoop\apps\neovim\current\share\nvim\runtime\filetype.lua
419.035  000.245  000.245: sourcing C:\Users\Kristan\scoop\apps\neovim\current\share\nvim\runtime\syntax\synload.vim
419.330  001.805  001.560: sourcing C:\Users\Kristan\scoop\apps\neovim\current\share/nvim/runtime/syntax/syntax.vim
419.396  003.122: inits 3
423.235  003.839: reading ShaDa
423.658  000.423: opening buffers
424.450  000.017  000.017: sourcing nvim_exec2() called at BufEnter Autocommands for "*":0
424.536  000.006  000.006: sourcing nvim_exec2() called at BufEnter Autocommands for "*":0
426.902  000.765  000.765: require('bufferline.state')
427.493  003.047: BufEnter autocommands
427.508  000.015: editing files in windows
427.532  000.024: --- NVIM STARTED ---

